// Jest Snapshot v1, https://goo.gl/fbAQLP

exports[`Description should match snapshot Description when receive product by props 1`] = `
<div>
  <article
    class="sc-bdvvtL iwcPrF"
  >
    <div
      class="description"
    >
      <dl
        class="description-left"
      >
        <dt>
          Brand
        </dt>
        <dd>
          Acer
        </dd>
        <dt>
          Model
        </dt>
        <dd>
          Iconia Talk S
        </dd>
        <dt>
          Price
        </dt>
        <dd>
          170
          â‚¬
        </dd>
        <dt>
          CPU
        </dt>
        <dd>
          Quad-core 1.3 GHz Cortex-A53
        </dd>
        <dt>
          RAM
        </dt>
        <dd>
          2 GB 
        </dd>
        <dt>
          OS
        </dt>
        <dd>
          Android 6.0 (Marshmallow)
        </dd>
        <dt>
          Display Resolution
        </dt>
        <dd>
          7.0 inches (~69.8% screen-to-body ratio)
        </dd>
        <dt>
          Battery
        </dt>
        <dd>
          Non-removable Li-Ion 3400 mAh  (12.92 Wh)
        </dd>
        <dt>
          Weight
        </dt>
        <dd>
          260
           gr
        </dd>
      </dl>
      <dl
        class="description-left"
      >
        <dt>
          Cameras
        </dt>
        <dl>
          <dt>
            Primary Camera
          </dt>
          <dd>
            13 MP
            autofocus
          </dd>
        </dl>
        <dt>
          Display Type
        </dt>
        <dd>
          IPS LCD capacitive touchscreen  16M colors
        </dd>
        <dt>
          Display Size
        </dt>
        <dd>
           
          720 x 1280 pixels (~210 ppi pixel density)
        </dd>
        <dt>
          Chipset
        </dt>
        <dd>
          Mediatek MT8735
        </dd>
        <dt>
          External Memory
        </dt>
        <dd>
          microSD  up to 128 GB (dedicated slot)
        </dd>
        <dt>
          Internal Memory
        </dt>
        <dd>
          16 GB
          32 GB
        </dd>
        
        <dt>
          USB
        </dt>
        <dd>
          microUSB 2.0
        </dd>
      </dl>
    </div>
  </article>
</div>
`;
